функция;
функция7  . = <Prout функция7  ": " .>;
функция8  . = <Prout функция8  ": " .>;
функция9  . = <Prout функция9  ": " .>;
функция10 . = <Prout функция10 ": " .>;
функция11 . = <Prout функция11 ": " .>;
функция12 . = <Prout функция12 ": " .>;

вызов ?номер = <Mu "ф" функция "Mu" Mu "функция" ?номер "функция" <Symb ?номер>>;

очередь {
 ? ?         = <вызов ?>;
 ? ?максимум = <вызов ?> <очередь <? + 1> ?максимум>;
}

go = <очередь 7 13>;
