* Импортируем идентификаторы тест1 и тест2 из файла "Модуль1.реф"
Модуль1: тест1 тест2;

* Импортируем идентификатор тест4 из файла "Модуль1.реф"
Модуль1 : тест4;

тест = <Prout 'Основной модуль'>;

предупреждения {
   Модуль1 = Модуль1;
   Модуль1 = Модуль1 <Prout Модуль1>
}

//ошибка = <Модуль1>;

go = <тест1>
     <тест2>
   * Вызов по полному имени.
     <Модуль1 тест3>
     <тест4>
     <тест>
 ;