* Импортируем идентификаторы тест1 и тест2 из файла "Модуль1.реф"
Модуль1: тест1 тест2;

* Импортируем идентификатор тест4 из файла "Модуль1.реф"
Модуль1 : тест4;

* Импортируем модуль, не внося идентификаторы в текущую область видимости.
Модуль2: ;

ид1;
ид2;
//Модуль1: ид1;

тест = <Prout 'Основной модуль'>;

предупреждения {
   Модуль1 = Модуль1;
   Модуль1 = Модуль1 <Prout Модуль1>
}

//ошибка = <Модуль1>;

идентификаторы {
   Модуль1 ид1 = <Prout 'Модуль1 ид1'>;
   ид1         = <Prout 'ид1'>;
   ид2         = <Prout 'ид2'>;
}

go = <тест1>
     <тест2>
   * Вызов по полному имени.
     <Модуль1 тест3>
     <тест4>
     <тест>
   * тест1 импортирован в Модуль2 из Модуль1
     <Модуль2 тест1>
     <Модуль2 тест2>
     <Модуль2 тест3>
     <Модуль2 тест4>
     <идентификаторы ид1>
     <идентификаторы ид2>
     <идентификаторы Модуль1 ид1>
   * ид1 импортирован в Модуль2 из Модуль1
     <идентификаторы Модуль2 ид1>
 ;