* Вариант классической РЕФАЛ-программы.

Начало = <Палиндром? <удалить пробелы "я разуму уму заря    ">>
         <Палиндром? <удалить пробелы "я иду съ мечемъ судия">>;
                                             * Гавриил Державин

Палиндром? {
   ?символ … ?символ = <Палиндром? …>;
   ?символ           = <Вывод "Палиндром">;
                     = <Вывод "Палиндром">;
           …         = <Вывод "Остаток: "…>;
}

удалить {
   пробелы .символы " " .остаток = .символы <удалить пробелы .остаток>;
   пробелы … = …;
}

пробелы;

Вывод { . = <Prout .> }
