* Вариант классической РЕФАЛ-программы.

Вывод { e.1 = <Prout e.1> }

пробелы;

удалить {
   пробелы e.1 ' ' e.2 = <удалить пробелы e.1 e.2>;
   пробелы e.1 = e.1;
}

Палиндром? {
   s.1 e.1 s.1 = <Палиндром? e.1>;
   s.1         = <Вывод "Палиндром">;
               = <Вывод "Палиндром">;
   e.1         = <Вывод "Остаток: " e.1>;
}

go = <Палиндром? <удалить пробелы "я разуму уму заря    ">>
     <Палиндром? <удалить пробелы "я иду съ мечемъ судия">>;
                                      * Гавриил Державин
